2026-05-20 00:07:48,301 - INFO - [Thread-MainThread] - Pipeline initialized.
2026-05-20 00:07:49,601 - INFO - [Thread-MainThread] - Loaded 1 prompts from directory ./data/prompts
2026-05-20 00:07:49,808 - INFO - [Thread-MainThread] - Opik Observability initialized.
2026-05-20 00:07:49,808 - INFO - [Thread-MainThread] - Starting batch execution...
2026-05-20 00:07:49,809 - INFO - [Thread-MainThread] - Starting batch for 0 images and 140 text files with 1 threads.
2026-05-20 00:07:49,809 - INFO - [Thread-ThreadPoolExecutor-3_0] - [pprows1.txt] Stage 1: Reading Text File
2026-05-20 00:07:49,811 - INFO - [Thread-ThreadPoolExecutor-3_0] - [pprows1.txt] Running Prompt: row2json2
2026-05-20 00:07:49,811 - INFO - [Thread-ThreadPoolExecutor-3_0] - [pprows1.txt] >>> Sending request to lmstudio...
2026-05-20 00:08:30,059 - INFO - [Thread-ThreadPoolExecutor-3_0] - [pprows1.txt] Prompt 'row2json2' Success
2026-05-20 00:08:30,060 - INFO - [Thread-ThreadPoolExecutor-3_0] - [pprows10.txt] Stage 1: Reading Text File
2026-05-20 00:08:30,060 - INFO - [Thread-ThreadPoolExecutor-3_0] - [pprows10.txt] Running Prompt: row2json2
2026-05-20 00:08:30,060 - INFO - [Thread-ThreadPoolExecutor-3_0] - [pprows10.txt] >>> Sending request to lmstudio...
2026-05-20 00:09:00,445 - INFO - [Thread-ThreadPoolExecutor-3_0] - [pprows10.txt] Prompt 'row2json2' Success
2026-05-20 00:09:00,446 - INFO - [Thread-ThreadPoolExecutor-3_0] - [pprows100.txt] Stage 1: Reading Text File
2026-05-20 00:09:00,447 - INFO - [Thread-ThreadPoolExecutor-3_0] - [pprows100.txt] Running Prompt: row2json2
2026-05-20 00:09:00,447 - INFO - [Thread-ThreadPoolExecutor-3_0] - [pprows100.txt] >>> Sending request to lmstudio...
2026-05-20 00:09:31,454 - INFO - [Thread-ThreadPoolExecutor-3_0] - [pprows100.txt] Prompt 'row2json2' Success
2026-05-20 00:09:31,455 - INFO - [Thread-ThreadPoolExecutor-3_0] - [pprows101.txt] Stage 1: Reading Text File
2026-05-20 00:09:31,455 - INFO - [Thread-ThreadPoolExecutor-3_0] - [pprows101.txt] Running Prompt: row2json2
2026-05-20 00:09:31,455 - INFO - [Thread-ThreadPoolExecutor-3_0] - [pprows101.txt] >>> Sending request to lmstudio...
2026-05-20 00:09:48,527 - INFO - [Thread-ThreadPoolExecutor-3_0] - [pprows101.txt] Prompt 'row2json2' Success
2026-05-20 00:09:48,528 - INFO - [Thread-ThreadPoolExecutor-3_0] - [pprows102.txt] Stage 1: Reading Text File
2026-05-20 00:09:48,528 - INFO - [Thread-ThreadPoolExecutor-3_0] - [pprows102.txt] Running Prompt: row2json2
2026-05-20 00:09:48,528 - INFO - [Thread-ThreadPoolExecutor-3_0] - [pprows102.txt] >>> Sending request to lmstudio...
