2026-05-20 00:13:25,268 - INFO - [Thread-MainThread] - Pipeline initialized.
2026-05-20 00:13:26,558 - INFO - [Thread-MainThread] - Loaded 1 prompts from directory ./data/prompts
2026-05-20 00:13:26,763 - INFO - [Thread-MainThread] - Opik Observability initialized.
2026-05-20 00:13:26,764 - INFO - [Thread-MainThread] - Starting batch execution...
2026-05-20 00:13:26,764 - INFO - [Thread-MainThread] - Starting batch for 0 images and 140 text files with 1 threads.
2026-05-20 00:13:26,764 - INFO - [Thread-ThreadPoolExecutor-3_0] - [pprows1.txt] Stage 1: Reading Text File
2026-05-20 00:13:26,765 - INFO - [Thread-ThreadPoolExecutor-3_0] - [pprows1.txt] Running Prompt: row2json2
2026-05-20 00:13:26,766 - INFO - [Thread-ThreadPoolExecutor-3_0] - [pprows1.txt] >>> Sending request to lmstudio...
2026-05-20 00:14:09,572 - INFO - [Thread-ThreadPoolExecutor-3_0] - [pprows1.txt] Prompt 'row2json2' Success
2026-05-20 00:14:09,573 - INFO - [Thread-ThreadPoolExecutor-3_0] - [pprows10.txt] Stage 1: Reading Text File
2026-05-20 00:14:09,574 - INFO - [Thread-ThreadPoolExecutor-3_0] - [pprows10.txt] Running Prompt: row2json2
2026-05-20 00:14:09,574 - INFO - [Thread-ThreadPoolExecutor-3_0] - [pprows10.txt] >>> Sending request to lmstudio...
2026-05-20 00:14:39,252 - INFO - [Thread-ThreadPoolExecutor-3_0] - [pprows10.txt] Prompt 'row2json2' Success
2026-05-20 00:14:39,253 - INFO - [Thread-ThreadPoolExecutor-3_0] - [pprows100.txt] Stage 1: Reading Text File
2026-05-20 00:14:39,253 - INFO - [Thread-ThreadPoolExecutor-3_0] - [pprows100.txt] Running Prompt: row2json2
2026-05-20 00:14:39,254 - INFO - [Thread-ThreadPoolExecutor-3_0] - [pprows100.txt] >>> Sending request to lmstudio...
2026-05-20 00:15:08,564 - INFO - [Thread-ThreadPoolExecutor-3_0] - [pprows100.txt] Prompt 'row2json2' Success
2026-05-20 00:15:08,566 - INFO - [Thread-ThreadPoolExecutor-3_0] - [pprows101.txt] Stage 1: Reading Text File
2026-05-20 00:15:08,566 - INFO - [Thread-ThreadPoolExecutor-3_0] - [pprows101.txt] Running Prompt: row2json2
2026-05-20 00:15:08,566 - INFO - [Thread-ThreadPoolExecutor-3_0] - [pprows101.txt] >>> Sending request to lmstudio...
2026-05-20 00:15:14,239 - INFO - [Thread-ThreadPoolExecutor-3_0] - [pprows101.txt] Prompt 'row2json2' Success
2026-05-20 00:15:14,239 - INFO - [Thread-ThreadPoolExecutor-3_0] - [pprows102.txt] Stage 1: Reading Text File
2026-05-20 00:15:14,240 - INFO - [Thread-ThreadPoolExecutor-3_0] - [pprows102.txt] Running Prompt: row2json2
2026-05-20 00:15:14,240 - INFO - [Thread-ThreadPoolExecutor-3_0] - [pprows102.txt] >>> Sending request to lmstudio...
2026-05-20 00:15:30,837 - INFO - [Thread-ThreadPoolExecutor-3_0] - [pprows102.txt] Prompt 'row2json2' Success
2026-05-20 00:15:30,837 - INFO - [Thread-ThreadPoolExecutor-3_0] - [pprows103.txt] Stage 1: Reading Text File
2026-05-20 00:15:30,838 - INFO - [Thread-ThreadPoolExecutor-3_0] - [pprows103.txt] Running Prompt: row2json2
2026-05-20 00:15:30,838 - INFO - [Thread-ThreadPoolExecutor-3_0] - [pprows103.txt] >>> Sending request to lmstudio...
2026-05-20 00:15:45,956 - INFO - [Thread-ThreadPoolExecutor-3_0] - [pprows103.txt] Prompt 'row2json2' Success
2026-05-20 00:15:45,957 - INFO - [Thread-ThreadPoolExecutor-3_0] - [pprows104.txt] Stage 1: Reading Text File
2026-05-20 00:15:45,957 - INFO - [Thread-ThreadPoolExecutor-3_0] - [pprows104.txt] Running Prompt: row2json2
2026-05-20 00:15:45,957 - INFO - [Thread-ThreadPoolExecutor-3_0] - [pprows104.txt] >>> Sending request to lmstudio...
2026-05-20 00:16:06,251 - INFO - [Thread-ThreadPoolExecutor-3_0] - [pprows104.txt] Prompt 'row2json2' Success
2026-05-20 00:16:06,252 - INFO - [Thread-ThreadPoolExecutor-3_0] - [pprows105.txt] Stage 1: Reading Text File
2026-05-20 00:16:06,252 - INFO - [Thread-ThreadPoolExecutor-3_0] - [pprows105.txt] Running Prompt: row2json2
2026-05-20 00:16:06,252 - INFO - [Thread-ThreadPoolExecutor-3_0] - [pprows105.txt] >>> Sending request to lmstudio...
2026-05-20 00:16:11,958 - INFO - [Thread-ThreadPoolExecutor-3_0] - [pprows105.txt] Prompt 'row2json2' Success
2026-05-20 00:16:11,959 - INFO - [Thread-ThreadPoolExecutor-3_0] - [pprows106.txt] Stage 1: Reading Text File
2026-05-20 00:16:11,960 - INFO - [Thread-ThreadPoolExecutor-3_0] - [pprows106.txt] Running Prompt: row2json2
2026-05-20 00:16:11,960 - INFO - [Thread-ThreadPoolExecutor-3_0] - [pprows106.txt] >>> Sending request to lmstudio...
2026-05-20 00:16:47,605 - INFO - [Thread-ThreadPoolExecutor-3_0] - [pprows106.txt] Prompt 'row2json2' Success
2026-05-20 00:16:47,607 - INFO - [Thread-ThreadPoolExecutor-3_0] - [pprows107.txt] Stage 1: Reading Text File
2026-05-20 00:16:47,607 - INFO - [Thread-ThreadPoolExecutor-3_0] - [pprows107.txt] Running Prompt: row2json2
2026-05-20 00:16:47,607 - INFO - [Thread-ThreadPoolExecutor-3_0] - [pprows107.txt] >>> Sending request to lmstudio...
2026-05-20 00:17:28,131 - INFO - [Thread-ThreadPoolExecutor-3_0] - [pprows107.txt] Prompt 'row2json2' Success
2026-05-20 00:17:28,132 - INFO - [Thread-ThreadPoolExecutor-3_0] - [pprows108.txt] Stage 1: Reading Text File
2026-05-20 00:17:28,132 - INFO - [Thread-ThreadPoolExecutor-3_0] - [pprows108.txt] Running Prompt: row2json2
2026-05-20 00:17:28,133 - INFO - [Thread-ThreadPoolExecutor-3_0] - [pprows108.txt] >>> Sending request to lmstudio...
2026-05-20 00:18:05,748 - INFO - [Thread-ThreadPoolExecutor-3_0] - [pprows108.txt] Prompt 'row2json2' Success
2026-05-20 00:18:05,750 - INFO - [Thread-ThreadPoolExecutor-3_0] - [pprows109.txt] Stage 1: Reading Text File
2026-05-20 00:18:05,750 - INFO - [Thread-ThreadPoolExecutor-3_0] - [pprows109.txt] Running Prompt: row2json2
2026-05-20 00:18:05,750 - INFO - [Thread-ThreadPoolExecutor-3_0] - [pprows109.txt] >>> Sending request to lmstudio...
2026-05-20 00:18:11,616 - INFO - [Thread-ThreadPoolExecutor-3_0] - [pprows109.txt] Prompt 'row2json2' Success
2026-05-20 00:18:11,616 - INFO - [Thread-ThreadPoolExecutor-3_0] - [pprows11.txt] Stage 1: Reading Text File
2026-05-20 00:18:11,617 - INFO - [Thread-ThreadPoolExecutor-3_0] - [pprows11.txt] Running Prompt: row2json2
2026-05-20 00:18:11,617 - INFO - [Thread-ThreadPoolExecutor-3_0] - [pprows11.txt] >>> Sending request to lmstudio...
2026-05-20 00:18:33,550 - INFO - [Thread-ThreadPoolExecutor-3_0] - [pprows11.txt] Prompt 'row2json2' Success
2026-05-20 00:18:33,551 - INFO - [Thread-ThreadPoolExecutor-3_0] - [pprows110.txt] Stage 1: Reading Text File
2026-05-20 00:18:33,552 - INFO - [Thread-ThreadPoolExecutor-3_0] - [pprows110.txt] Running Prompt: row2json2
2026-05-20 00:18:33,552 - INFO - [Thread-ThreadPoolExecutor-3_0] - [pprows110.txt] >>> Sending request to lmstudio...
2026-05-20 00:18:54,579 - INFO - [Thread-ThreadPoolExecutor-3_0] - [pprows110.txt] Prompt 'row2json2' Success
2026-05-20 00:18:54,593 - INFO - [Thread-ThreadPoolExecutor-3_0] - [pprows111.txt] Stage 1: Reading Text File
2026-05-20 00:18:54,593 - INFO - [Thread-ThreadPoolExecutor-3_0] - [pprows111.txt] Running Prompt: row2json2
2026-05-20 00:18:54,593 - INFO - [Thread-ThreadPoolExecutor-3_0] - [pprows111.txt] >>> Sending request to lmstudio...
2026-05-20 00:19:14,923 - INFO - [Thread-ThreadPoolExecutor-3_0] - [pprows111.txt] Prompt 'row2json2' Success
2026-05-20 00:19:14,924 - INFO - [Thread-ThreadPoolExecutor-3_0] - [pprows112.txt] Stage 1: Reading Text File
2026-05-20 00:19:14,925 - INFO - [Thread-ThreadPoolExecutor-3_0] - [pprows112.txt] Running Prompt: row2json2
2026-05-20 00:19:14,925 - INFO - [Thread-ThreadPoolExecutor-3_0] - [pprows112.txt] >>> Sending request to lmstudio...
2026-05-20 00:19:32,528 - INFO - [Thread-ThreadPoolExecutor-3_0] - [pprows112.txt] Prompt 'row2json2' Success
2026-05-20 00:19:32,529 - INFO - [Thread-ThreadPoolExecutor-3_0] - [pprows113.txt] Stage 1: Reading Text File
2026-05-20 00:19:32,529 - INFO - [Thread-ThreadPoolExecutor-3_0] - [pprows113.txt] Running Prompt: row2json2
2026-05-20 00:19:32,529 - INFO - [Thread-ThreadPoolExecutor-3_0] - [pprows113.txt] >>> Sending request to lmstudio...
2026-05-20 00:19:47,379 - INFO - [Thread-ThreadPoolExecutor-3_0] - [pprows113.txt] Prompt 'row2json2' Success
2026-05-20 00:19:47,380 - INFO - [Thread-ThreadPoolExecutor-3_0] - [pprows115.txt] Stage 1: Reading Text File
2026-05-20 00:19:47,380 - INFO - [Thread-ThreadPoolExecutor-3_0] - [pprows115.txt] Running Prompt: row2json2
2026-05-20 00:19:47,381 - INFO - [Thread-ThreadPoolExecutor-3_0] - [pprows115.txt] >>> Sending request to lmstudio...
2026-05-20 00:20:05,173 - INFO - [Thread-ThreadPoolExecutor-3_0] - [pprows115.txt] Prompt 'row2json2' Success
2026-05-20 00:20:05,175 - INFO - [Thread-ThreadPoolExecutor-3_0] - [pprows116.txt] Stage 1: Reading Text File
2026-05-20 00:20:05,175 - INFO - [Thread-ThreadPoolExecutor-3_0] - [pprows116.txt] Running Prompt: row2json2
2026-05-20 00:20:05,175 - INFO - [Thread-ThreadPoolExecutor-3_0] - [pprows116.txt] >>> Sending request to lmstudio...
2026-05-20 00:20:25,874 - INFO - [Thread-ThreadPoolExecutor-3_0] - [pprows116.txt] Prompt 'row2json2' Success
2026-05-20 00:20:25,875 - INFO - [Thread-ThreadPoolExecutor-3_0] - [pprows117.txt] Stage 1: Reading Text File
2026-05-20 00:20:25,876 - INFO - [Thread-ThreadPoolExecutor-3_0] - [pprows117.txt] Running Prompt: row2json2
2026-05-20 00:20:25,876 - INFO - [Thread-ThreadPoolExecutor-3_0] - [pprows117.txt] >>> Sending request to lmstudio...
2026-05-20 00:21:04,387 - INFO - [Thread-ThreadPoolExecutor-3_0] - [pprows117.txt] Prompt 'row2json2' Success
2026-05-20 00:21:04,388 - INFO - [Thread-ThreadPoolExecutor-3_0] - [pprows118.txt] Stage 1: Reading Text File
2026-05-20 00:21:04,388 - INFO - [Thread-ThreadPoolExecutor-3_0] - [pprows118.txt] Running Prompt: row2json2
2026-05-20 00:21:04,389 - INFO - [Thread-ThreadPoolExecutor-3_0] - [pprows118.txt] >>> Sending request to lmstudio...
2026-05-20 00:21:21,492 - INFO - [Thread-ThreadPoolExecutor-3_0] - [pprows118.txt] Prompt 'row2json2' Success
2026-05-20 00:21:21,493 - INFO - [Thread-ThreadPoolExecutor-3_0] - [pprows119.txt] Stage 1: Reading Text File
2026-05-20 00:21:21,494 - INFO - [Thread-ThreadPoolExecutor-3_0] - [pprows119.txt] Running Prompt: row2json2
2026-05-20 00:21:21,494 - INFO - [Thread-ThreadPoolExecutor-3_0] - [pprows119.txt] >>> Sending request to lmstudio...
2026-05-20 00:21:37,658 - INFO - [Thread-ThreadPoolExecutor-3_0] - [pprows119.txt] Prompt 'row2json2' Success
2026-05-20 00:21:37,659 - INFO - [Thread-ThreadPoolExecutor-3_0] - [pprows12.txt] Stage 1: Reading Text File
2026-05-20 00:21:37,660 - INFO - [Thread-ThreadPoolExecutor-3_0] - [pprows12.txt] Running Prompt: row2json2
2026-05-20 00:21:37,660 - INFO - [Thread-ThreadPoolExecutor-3_0] - [pprows12.txt] >>> Sending request to lmstudio...
2026-05-20 00:21:55,068 - INFO - [Thread-ThreadPoolExecutor-3_0] - [pprows12.txt] Prompt 'row2json2' Success
2026-05-20 00:21:55,069 - INFO - [Thread-ThreadPoolExecutor-3_0] - [pprows120.txt] Stage 1: Reading Text File
2026-05-20 00:21:55,069 - INFO - [Thread-ThreadPoolExecutor-3_0] - [pprows120.txt] Running Prompt: row2json2
2026-05-20 00:21:55,069 - INFO - [Thread-ThreadPoolExecutor-3_0] - [pprows120.txt] >>> Sending request to lmstudio...
2026-05-20 00:22:33,865 - INFO - [Thread-ThreadPoolExecutor-3_0] - [pprows120.txt] Prompt 'row2json2' Success
2026-05-20 00:22:33,866 - INFO - [Thread-ThreadPoolExecutor-3_0] - [pprows121.txt] Stage 1: Reading Text File
2026-05-20 00:22:33,867 - INFO - [Thread-ThreadPoolExecutor-3_0] - [pprows121.txt] Running Prompt: row2json2
2026-05-20 00:22:33,867 - INFO - [Thread-ThreadPoolExecutor-3_0] - [pprows121.txt] >>> Sending request to lmstudio...
2026-05-20 00:22:54,185 - INFO - [Thread-ThreadPoolExecutor-3_0] - [pprows121.txt] Prompt 'row2json2' Success
2026-05-20 00:22:54,186 - INFO - [Thread-ThreadPoolExecutor-3_0] - [pprows122.txt] Stage 1: Reading Text File
2026-05-20 00:22:54,186 - INFO - [Thread-ThreadPoolExecutor-3_0] - [pprows122.txt] Running Prompt: row2json2
2026-05-20 00:22:54,187 - INFO - [Thread-ThreadPoolExecutor-3_0] - [pprows122.txt] >>> Sending request to lmstudio...
2026-05-20 00:23:30,066 - INFO - [Thread-ThreadPoolExecutor-3_0] - [pprows122.txt] Prompt 'row2json2' Success
2026-05-20 00:23:30,068 - INFO - [Thread-ThreadPoolExecutor-3_0] - [pprows123.txt] Stage 1: Reading Text File
2026-05-20 00:23:30,068 - INFO - [Thread-ThreadPoolExecutor-3_0] - [pprows123.txt] Running Prompt: row2json2
2026-05-20 00:23:30,068 - INFO - [Thread-ThreadPoolExecutor-3_0] - [pprows123.txt] >>> Sending request to lmstudio...
2026-05-20 00:24:06,465 - INFO - [Thread-ThreadPoolExecutor-3_0] - [pprows123.txt] Prompt 'row2json2' Success
2026-05-20 00:24:06,466 - INFO - [Thread-ThreadPoolExecutor-3_0] - [pprows124.txt] Stage 1: Reading Text File
2026-05-20 00:24:06,466 - INFO - [Thread-ThreadPoolExecutor-3_0] - [pprows124.txt] Running Prompt: row2json2
2026-05-20 00:24:06,466 - INFO - [Thread-ThreadPoolExecutor-3_0] - [pprows124.txt] >>> Sending request to lmstudio...
2026-05-20 00:24:44,119 - INFO - [Thread-ThreadPoolExecutor-3_0] - [pprows124.txt] Prompt 'row2json2' Success
2026-05-20 00:24:44,120 - INFO - [Thread-ThreadPoolExecutor-3_0] - [pprows125.txt] Stage 1: Reading Text File
2026-05-20 00:24:44,120 - INFO - [Thread-ThreadPoolExecutor-3_0] - [pprows125.txt] Running Prompt: row2json2
2026-05-20 00:24:44,120 - INFO - [Thread-ThreadPoolExecutor-3_0] - [pprows125.txt] >>> Sending request to lmstudio...
2026-05-20 00:25:00,000 - INFO - [Thread-ThreadPoolExecutor-3_0] - [pprows125.txt] Prompt 'row2json2' Success
2026-05-20 00:25:00,001 - INFO - [Thread-ThreadPoolExecutor-3_0] - [pprows126.txt] Stage 1: Reading Text File
2026-05-20 00:25:00,002 - INFO - [Thread-ThreadPoolExecutor-3_0] - [pprows126.txt] Running Prompt: row2json2
2026-05-20 00:25:00,002 - INFO - [Thread-ThreadPoolExecutor-3_0] - [pprows126.txt] >>> Sending request to lmstudio...
2026-05-20 00:25:10,403 - INFO - [Thread-ThreadPoolExecutor-3_0] - [pprows126.txt] Prompt 'row2json2' Success
2026-05-20 00:25:10,403 - INFO - [Thread-ThreadPoolExecutor-3_0] - [pprows127.txt] Stage 1: Reading Text File
2026-05-20 00:25:10,404 - INFO - [Thread-ThreadPoolExecutor-3_0] - [pprows127.txt] Running Prompt: row2json2
2026-05-20 00:25:10,404 - INFO - [Thread-ThreadPoolExecutor-3_0] - [pprows127.txt] >>> Sending request to lmstudio...
2026-05-20 00:25:46,455 - INFO - [Thread-ThreadPoolExecutor-3_0] - [pprows127.txt] Prompt 'row2json2' Success
2026-05-20 00:25:46,456 - INFO - [Thread-ThreadPoolExecutor-3_0] - [pprows128.txt] Stage 1: Reading Text File
2026-05-20 00:25:46,456 - INFO - [Thread-ThreadPoolExecutor-3_0] - [pprows128.txt] Running Prompt: row2json2
2026-05-20 00:25:46,457 - INFO - [Thread-ThreadPoolExecutor-3_0] - [pprows128.txt] >>> Sending request to lmstudio...
2026-05-20 00:26:03,628 - INFO - [Thread-ThreadPoolExecutor-3_0] - [pprows128.txt] Prompt 'row2json2' Success
2026-05-20 00:26:03,628 - INFO - [Thread-ThreadPoolExecutor-3_0] - [pprows13.txt] Stage 1: Reading Text File
2026-05-20 00:26:03,629 - INFO - [Thread-ThreadPoolExecutor-3_0] - [pprows13.txt] Running Prompt: row2json2
2026-05-20 00:26:03,629 - INFO - [Thread-ThreadPoolExecutor-3_0] - [pprows13.txt] >>> Sending request to lmstudio...
2026-05-20 00:26:19,793 - INFO - [Thread-ThreadPoolExecutor-3_0] - [pprows13.txt] Prompt 'row2json2' Success
2026-05-20 00:26:19,794 - INFO - [Thread-ThreadPoolExecutor-3_0] - [pprows130.txt] Stage 1: Reading Text File
2026-05-20 00:26:19,795 - INFO - [Thread-ThreadPoolExecutor-3_0] - [pprows130.txt] Running Prompt: row2json2
2026-05-20 00:26:19,795 - INFO - [Thread-ThreadPoolExecutor-3_0] - [pprows130.txt] >>> Sending request to lmstudio...
2026-05-20 00:26:32,901 - INFO - [Thread-ThreadPoolExecutor-3_0] - [pprows130.txt] Prompt 'row2json2' Success
2026-05-20 00:26:32,902 - INFO - [Thread-ThreadPoolExecutor-3_0] - [pprows131.txt] Stage 1: Reading Text File
2026-05-20 00:26:32,903 - INFO - [Thread-ThreadPoolExecutor-3_0] - [pprows131.txt] Running Prompt: row2json2
2026-05-20 00:26:32,903 - INFO - [Thread-ThreadPoolExecutor-3_0] - [pprows131.txt] >>> Sending request to lmstudio...
2026-05-20 00:27:12,325 - INFO - [Thread-ThreadPoolExecutor-3_0] - [pprows131.txt] Prompt 'row2json2' Success
2026-05-20 00:27:12,326 - INFO - [Thread-ThreadPoolExecutor-3_0] - [pprows132.txt] Stage 1: Reading Text File
2026-05-20 00:27:12,326 - INFO - [Thread-ThreadPoolExecutor-3_0] - [pprows132.txt] Running Prompt: row2json2
2026-05-20 00:27:12,326 - INFO - [Thread-ThreadPoolExecutor-3_0] - [pprows132.txt] >>> Sending request to lmstudio...
2026-05-20 00:27:27,257 - INFO - [Thread-ThreadPoolExecutor-3_0] - [pprows132.txt] Prompt 'row2json2' Success
2026-05-20 00:27:27,258 - INFO - [Thread-ThreadPoolExecutor-3_0] - [pprows133.txt] Stage 1: Reading Text File
2026-05-20 00:27:27,259 - INFO - [Thread-ThreadPoolExecutor-3_0] - [pprows133.txt] Running Prompt: row2json2
2026-05-20 00:27:27,259 - INFO - [Thread-ThreadPoolExecutor-3_0] - [pprows133.txt] >>> Sending request to lmstudio...
2026-05-20 00:27:43,794 - INFO - [Thread-ThreadPoolExecutor-3_0] - [pprows133.txt] Prompt 'row2json2' Success
2026-05-20 00:27:43,795 - INFO - [Thread-ThreadPoolExecutor-3_0] - [pprows134.txt] Stage 1: Reading Text File
2026-05-20 00:27:43,796 - INFO - [Thread-ThreadPoolExecutor-3_0] - [pprows134.txt] Running Prompt: row2json2
2026-05-20 00:27:43,796 - INFO - [Thread-ThreadPoolExecutor-3_0] - [pprows134.txt] >>> Sending request to lmstudio...
2026-05-20 00:28:20,484 - INFO - [Thread-ThreadPoolExecutor-3_0] - [pprows134.txt] Prompt 'row2json2' Success
2026-05-20 00:28:20,485 - INFO - [Thread-ThreadPoolExecutor-3_0] - [pprows135.txt] Stage 1: Reading Text File
2026-05-20 00:28:20,486 - INFO - [Thread-ThreadPoolExecutor-3_0] - [pprows135.txt] Running Prompt: row2json2
2026-05-20 00:28:20,486 - INFO - [Thread-ThreadPoolExecutor-3_0] - [pprows135.txt] >>> Sending request to lmstudio...
2026-05-20 00:28:35,437 - INFO - [Thread-ThreadPoolExecutor-3_0] - [pprows135.txt] Prompt 'row2json2' Success
2026-05-20 00:28:35,438 - INFO - [Thread-ThreadPoolExecutor-3_0] - [pprows136.txt] Stage 1: Reading Text File
2026-05-20 00:28:35,438 - INFO - [Thread-ThreadPoolExecutor-3_0] - [pprows136.txt] Running Prompt: row2json2
2026-05-20 00:28:35,439 - INFO - [Thread-ThreadPoolExecutor-3_0] - [pprows136.txt] >>> Sending request to lmstudio...
2026-05-20 00:28:51,660 - INFO - [Thread-ThreadPoolExecutor-3_0] - [pprows136.txt] Prompt 'row2json2' Success
2026-05-20 00:28:51,662 - INFO - [Thread-ThreadPoolExecutor-3_0] - [pprows137.txt] Stage 1: Reading Text File
2026-05-20 00:28:51,662 - INFO - [Thread-ThreadPoolExecutor-3_0] - [pprows137.txt] Running Prompt: row2json2
2026-05-20 00:28:51,662 - INFO - [Thread-ThreadPoolExecutor-3_0] - [pprows137.txt] >>> Sending request to lmstudio...
2026-05-20 00:29:09,209 - INFO - [Thread-ThreadPoolExecutor-3_0] - [pprows137.txt] Prompt 'row2json2' Success
2026-05-20 00:29:09,210 - INFO - [Thread-ThreadPoolExecutor-3_0] - [pprows138.txt] Stage 1: Reading Text File
2026-05-20 00:29:09,211 - INFO - [Thread-ThreadPoolExecutor-3_0] - [pprows138.txt] Running Prompt: row2json2
2026-05-20 00:29:09,211 - INFO - [Thread-ThreadPoolExecutor-3_0] - [pprows138.txt] >>> Sending request to lmstudio...
2026-05-20 00:29:51,556 - INFO - [Thread-ThreadPoolExecutor-3_0] - [pprows138.txt] Prompt 'row2json2' Success
2026-05-20 00:29:51,557 - INFO - [Thread-ThreadPoolExecutor-3_0] - [pprows139.txt] Stage 1: Reading Text File
2026-05-20 00:29:51,558 - INFO - [Thread-ThreadPoolExecutor-3_0] - [pprows139.txt] Running Prompt: row2json2
2026-05-20 00:29:51,558 - INFO - [Thread-ThreadPoolExecutor-3_0] - [pprows139.txt] >>> Sending request to lmstudio...
2026-05-20 00:30:25,152 - INFO - [Thread-ThreadPoolExecutor-3_0] - [pprows139.txt] Prompt 'row2json2' Success
2026-05-20 00:30:25,153 - INFO - [Thread-ThreadPoolExecutor-3_0] - [pprows14.txt] Stage 1: Reading Text File
2026-05-20 00:30:25,153 - INFO - [Thread-ThreadPoolExecutor-3_0] - [pprows14.txt] Running Prompt: row2json2
2026-05-20 00:30:25,154 - INFO - [Thread-ThreadPoolExecutor-3_0] - [pprows14.txt] >>> Sending request to lmstudio...
2026-05-20 00:32:33,707 - INFO - [Thread-ThreadPoolExecutor-3_0] - [pprows14.txt] Prompt 'row2json2' Success
2026-05-20 00:32:33,708 - INFO - [Thread-ThreadPoolExecutor-3_0] - [pprows140.txt] Stage 1: Reading Text File
2026-05-20 00:32:33,709 - INFO - [Thread-ThreadPoolExecutor-3_0] - [pprows140.txt] Running Prompt: row2json2
2026-05-20 00:32:33,709 - INFO - [Thread-ThreadPoolExecutor-3_0] - [pprows140.txt] >>> Sending request to lmstudio...
2026-05-20 00:32:44,187 - INFO - [Thread-ThreadPoolExecutor-3_0] - [pprows140.txt] Prompt 'row2json2' Success
2026-05-20 00:32:44,188 - INFO - [Thread-ThreadPoolExecutor-3_0] - [pprows141.txt] Stage 1: Reading Text File
2026-05-20 00:32:44,189 - INFO - [Thread-ThreadPoolExecutor-3_0] - [pprows141.txt] Running Prompt: row2json2
2026-05-20 00:32:44,189 - INFO - [Thread-ThreadPoolExecutor-3_0] - [pprows141.txt] >>> Sending request to lmstudio...
2026-05-20 00:33:04,702 - INFO - [Thread-ThreadPoolExecutor-3_0] - [pprows141.txt] Prompt 'row2json2' Success
2026-05-20 00:33:04,703 - INFO - [Thread-ThreadPoolExecutor-3_0] - [pprows143.txt] Stage 1: Reading Text File
2026-05-20 00:33:04,703 - INFO - [Thread-ThreadPoolExecutor-3_0] - [pprows143.txt] Running Prompt: row2json2
2026-05-20 00:33:04,704 - INFO - [Thread-ThreadPoolExecutor-3_0] - [pprows143.txt] >>> Sending request to lmstudio...
2026-05-20 00:33:15,440 - INFO - [Thread-ThreadPoolExecutor-3_0] - [pprows143.txt] Prompt 'row2json2' Success
2026-05-20 00:33:15,442 - INFO - [Thread-ThreadPoolExecutor-3_0] - [pprows144.txt] Stage 1: Reading Text File
2026-05-20 00:33:15,442 - INFO - [Thread-ThreadPoolExecutor-3_0] - [pprows144.txt] Running Prompt: row2json2
2026-05-20 00:33:15,442 - INFO - [Thread-ThreadPoolExecutor-3_0] - [pprows144.txt] >>> Sending request to lmstudio...
2026-05-20 00:33:22,302 - INFO - [Thread-ThreadPoolExecutor-3_0] - [pprows144.txt] Prompt 'row2json2' Success
2026-05-20 00:33:22,303 - INFO - [Thread-ThreadPoolExecutor-3_0] - [pprows145.txt] Stage 1: Reading Text File
2026-05-20 00:33:22,303 - INFO - [Thread-ThreadPoolExecutor-3_0] - [pprows145.txt] Running Prompt: row2json2
2026-05-20 00:33:22,303 - INFO - [Thread-ThreadPoolExecutor-3_0] - [pprows145.txt] >>> Sending request to lmstudio...
2026-05-20 00:33:46,223 - INFO - [Thread-ThreadPoolExecutor-3_0] - [pprows145.txt] Prompt 'row2json2' Success
2026-05-20 00:33:46,225 - INFO - [Thread-ThreadPoolExecutor-3_0] - [pprows146.txt] Stage 1: Reading Text File
2026-05-20 00:33:46,225 - INFO - [Thread-ThreadPoolExecutor-3_0] - [pprows146.txt] Running Prompt: row2json2
2026-05-20 00:33:46,225 - INFO - [Thread-ThreadPoolExecutor-3_0] - [pprows146.txt] >>> Sending request to lmstudio...
2026-05-20 00:33:57,201 - INFO - [Thread-ThreadPoolExecutor-3_0] - [pprows146.txt] Prompt 'row2json2' Success
2026-05-20 00:33:57,202 - INFO - [Thread-ThreadPoolExecutor-3_0] - [pprows147.txt] Stage 1: Reading Text File
2026-05-20 00:33:57,203 - INFO - [Thread-ThreadPoolExecutor-3_0] - [pprows147.txt] Running Prompt: row2json2
2026-05-20 00:33:57,203 - INFO - [Thread-ThreadPoolExecutor-3_0] - [pprows147.txt] >>> Sending request to lmstudio...
2026-05-20 00:34:21,814 - INFO - [Thread-ThreadPoolExecutor-3_0] - [pprows147.txt] Prompt 'row2json2' Success
2026-05-20 00:34:21,815 - INFO - [Thread-ThreadPoolExecutor-3_0] - [pprows148.txt] Stage 1: Reading Text File
2026-05-20 00:34:21,815 - INFO - [Thread-ThreadPoolExecutor-3_0] - [pprows148.txt] Running Prompt: row2json2
2026-05-20 00:34:21,816 - INFO - [Thread-ThreadPoolExecutor-3_0] - [pprows148.txt] >>> Sending request to lmstudio...
2026-05-20 00:34:32,722 - INFO - [Thread-ThreadPoolExecutor-3_0] - [pprows148.txt] Prompt 'row2json2' Success
2026-05-20 00:34:32,723 - INFO - [Thread-ThreadPoolExecutor-3_0] - [pprows149.txt] Stage 1: Reading Text File
2026-05-20 00:34:32,723 - INFO - [Thread-ThreadPoolExecutor-3_0] - [pprows149.txt] Running Prompt: row2json2
2026-05-20 00:34:32,724 - INFO - [Thread-ThreadPoolExecutor-3_0] - [pprows149.txt] >>> Sending request to lmstudio...
2026-05-20 00:34:54,742 - INFO - [Thread-ThreadPoolExecutor-3_0] - [pprows149.txt] Prompt 'row2json2' Success
2026-05-20 00:34:54,743 - INFO - [Thread-ThreadPoolExecutor-3_0] - [pprows15.txt] Stage 1: Reading Text File
2026-05-20 00:34:54,744 - INFO - [Thread-ThreadPoolExecutor-3_0] - [pprows15.txt] Running Prompt: row2json2
2026-05-20 00:34:54,744 - INFO - [Thread-ThreadPoolExecutor-3_0] - [pprows15.txt] >>> Sending request to lmstudio...
2026-05-20 00:35:20,792 - INFO - [Thread-ThreadPoolExecutor-3_0] - [pprows15.txt] Prompt 'row2json2' Success
2026-05-20 00:35:20,794 - INFO - [Thread-ThreadPoolExecutor-3_0] - [pprows16.txt] Stage 1: Reading Text File
2026-05-20 00:35:20,794 - INFO - [Thread-ThreadPoolExecutor-3_0] - [pprows16.txt] Running Prompt: row2json2
2026-05-20 00:35:20,794 - INFO - [Thread-ThreadPoolExecutor-3_0] - [pprows16.txt] >>> Sending request to lmstudio...
2026-05-20 00:35:42,529 - INFO - [Thread-ThreadPoolExecutor-3_0] - [pprows16.txt] Prompt 'row2json2' Success
2026-05-20 00:35:42,531 - INFO - [Thread-ThreadPoolExecutor-3_0] - [pprows17.txt] Stage 1: Reading Text File
2026-05-20 00:35:42,531 - INFO - [Thread-ThreadPoolExecutor-3_0] - [pprows17.txt] Running Prompt: row2json2
2026-05-20 00:35:42,531 - INFO - [Thread-ThreadPoolExecutor-3_0] - [pprows17.txt] >>> Sending request to lmstudio...
2026-05-20 00:36:04,466 - INFO - [Thread-ThreadPoolExecutor-3_0] - [pprows17.txt] Prompt 'row2json2' Success
2026-05-20 00:36:04,467 - INFO - [Thread-ThreadPoolExecutor-3_0] - [pprows18.txt] Stage 1: Reading Text File
2026-05-20 00:36:04,467 - INFO - [Thread-ThreadPoolExecutor-3_0] - [pprows18.txt] Running Prompt: row2json2
2026-05-20 00:36:04,468 - INFO - [Thread-ThreadPoolExecutor-3_0] - [pprows18.txt] >>> Sending request to lmstudio...
2026-05-20 00:36:30,022 - INFO - [Thread-ThreadPoolExecutor-3_0] - [pprows18.txt] Prompt 'row2json2' Success
2026-05-20 00:36:30,023 - INFO - [Thread-ThreadPoolExecutor-3_0] - [pprows19.txt] Stage 1: Reading Text File
2026-05-20 00:36:30,024 - INFO - [Thread-ThreadPoolExecutor-3_0] - [pprows19.txt] Running Prompt: row2json2
2026-05-20 00:36:30,024 - INFO - [Thread-ThreadPoolExecutor-3_0] - [pprows19.txt] >>> Sending request to lmstudio...
2026-05-20 00:36:34,466 - INFO - [Thread-ThreadPoolExecutor-3_0] - [pprows19.txt] Prompt 'row2json2' Success
2026-05-20 00:36:34,467 - INFO - [Thread-ThreadPoolExecutor-3_0] - [pprows2.txt] Stage 1: Reading Text File
2026-05-20 00:36:34,467 - INFO - [Thread-ThreadPoolExecutor-3_0] - [pprows2.txt] Running Prompt: row2json2
2026-05-20 00:36:34,467 - INFO - [Thread-ThreadPoolExecutor-3_0] - [pprows2.txt] >>> Sending request to lmstudio...
2026-05-20 00:36:58,592 - INFO - [Thread-ThreadPoolExecutor-3_0] - [pprows2.txt] Prompt 'row2json2' Success
2026-05-20 00:36:58,593 - INFO - [Thread-ThreadPoolExecutor-3_0] - [pprows20.txt] Stage 1: Reading Text File
2026-05-20 00:36:58,593 - INFO - [Thread-ThreadPoolExecutor-3_0] - [pprows20.txt] Running Prompt: row2json2
2026-05-20 00:36:58,593 - INFO - [Thread-ThreadPoolExecutor-3_0] - [pprows20.txt] >>> Sending request to lmstudio...
2026-05-20 00:37:11,591 - INFO - [Thread-ThreadPoolExecutor-3_0] - [pprows20.txt] Prompt 'row2json2' Success
2026-05-20 00:37:11,592 - INFO - [Thread-ThreadPoolExecutor-3_0] - [pprows21.txt] Stage 1: Reading Text File
2026-05-20 00:37:11,592 - INFO - [Thread-ThreadPoolExecutor-3_0] - [pprows21.txt] Running Prompt: row2json2
2026-05-20 00:37:11,593 - INFO - [Thread-ThreadPoolExecutor-3_0] - [pprows21.txt] >>> Sending request to lmstudio...
2026-05-20 00:37:26,366 - INFO - [Thread-ThreadPoolExecutor-3_0] - [pprows21.txt] Prompt 'row2json2' Success
2026-05-20 00:37:26,367 - INFO - [Thread-ThreadPoolExecutor-3_0] - [pprows22.txt] Stage 1: Reading Text File
2026-05-20 00:37:26,367 - INFO - [Thread-ThreadPoolExecutor-3_0] - [pprows22.txt] Running Prompt: row2json2
2026-05-20 00:37:26,368 - INFO - [Thread-ThreadPoolExecutor-3_0] - [pprows22.txt] >>> Sending request to lmstudio...
2026-05-20 00:37:48,299 - INFO - [Thread-ThreadPoolExecutor-3_0] - [pprows22.txt] Prompt 'row2json2' Success
2026-05-20 00:37:48,301 - INFO - [Thread-ThreadPoolExecutor-3_0] - [pprows23.txt] Stage 1: Reading Text File
2026-05-20 00:37:48,301 - INFO - [Thread-ThreadPoolExecutor-3_0] - [pprows23.txt] Running Prompt: row2json2
2026-05-20 00:37:48,301 - INFO - [Thread-ThreadPoolExecutor-3_0] - [pprows23.txt] >>> Sending request to lmstudio...
2026-05-20 00:38:01,122 - INFO - [Thread-ThreadPoolExecutor-3_0] - [pprows23.txt] Prompt 'row2json2' Success
2026-05-20 00:38:01,123 - INFO - [Thread-ThreadPoolExecutor-3_0] - [pprows24.txt] Stage 1: Reading Text File
2026-05-20 00:38:01,124 - INFO - [Thread-ThreadPoolExecutor-3_0] - [pprows24.txt] Running Prompt: row2json2
2026-05-20 00:38:01,124 - INFO - [Thread-ThreadPoolExecutor-3_0] - [pprows24.txt] >>> Sending request to lmstudio...
2026-05-20 00:38:25,676 - INFO - [Thread-ThreadPoolExecutor-3_0] - [pprows24.txt] Prompt 'row2json2' Success
2026-05-20 00:38:25,678 - INFO - [Thread-ThreadPoolExecutor-3_0] - [pprows25.txt] Stage 1: Reading Text File
2026-05-20 00:38:25,678 - INFO - [Thread-ThreadPoolExecutor-3_0] - [pprows25.txt] Running Prompt: row2json2
2026-05-20 00:38:25,678 - INFO - [Thread-ThreadPoolExecutor-3_0] - [pprows25.txt] >>> Sending request to lmstudio...
2026-05-20 00:38:29,809 - INFO - [Thread-ThreadPoolExecutor-3_0] - [pprows25.txt] Prompt 'row2json2' Success
2026-05-20 00:38:29,810 - INFO - [Thread-ThreadPoolExecutor-3_0] - [pprows26.txt] Stage 1: Reading Text File
2026-05-20 00:38:29,811 - INFO - [Thread-ThreadPoolExecutor-3_0] - [pprows26.txt] Running Prompt: row2json2
2026-05-20 00:38:29,811 - INFO - [Thread-ThreadPoolExecutor-3_0] - [pprows26.txt] >>> Sending request to lmstudio...
2026-05-20 00:38:44,477 - INFO - [Thread-ThreadPoolExecutor-3_0] - [pprows26.txt] Prompt 'row2json2' Success
2026-05-20 00:38:44,478 - INFO - [Thread-ThreadPoolExecutor-3_0] - [pprows27.txt] Stage 1: Reading Text File
2026-05-20 00:38:44,479 - INFO - [Thread-ThreadPoolExecutor-3_0] - [pprows27.txt] Running Prompt: row2json2
2026-05-20 00:38:44,479 - INFO - [Thread-ThreadPoolExecutor-3_0] - [pprows27.txt] >>> Sending request to lmstudio...
2026-05-20 00:38:56,172 - INFO - [Thread-ThreadPoolExecutor-3_0] - [pprows27.txt] Prompt 'row2json2' Success
2026-05-20 00:38:56,174 - INFO - [Thread-ThreadPoolExecutor-3_0] - [pprows28.txt] Stage 1: Reading Text File
2026-05-20 00:38:56,174 - INFO - [Thread-ThreadPoolExecutor-3_0] - [pprows28.txt] Running Prompt: row2json2
2026-05-20 00:38:56,174 - INFO - [Thread-ThreadPoolExecutor-3_0] - [pprows28.txt] >>> Sending request to lmstudio...
2026-05-20 00:39:17,872 - INFO - [Thread-ThreadPoolExecutor-3_0] - [pprows28.txt] Prompt 'row2json2' Success
2026-05-20 00:39:17,873 - INFO - [Thread-ThreadPoolExecutor-3_0] - [pprows29.txt] Stage 1: Reading Text File
2026-05-20 00:39:17,874 - INFO - [Thread-ThreadPoolExecutor-3_0] - [pprows29.txt] Running Prompt: row2json2
2026-05-20 00:39:17,874 - INFO - [Thread-ThreadPoolExecutor-3_0] - [pprows29.txt] >>> Sending request to lmstudio...
2026-05-20 00:39:42,823 - INFO - [Thread-ThreadPoolExecutor-3_0] - [pprows29.txt] Prompt 'row2json2' Success
2026-05-20 00:39:42,825 - INFO - [Thread-ThreadPoolExecutor-3_0] - [pprows30.txt] Stage 1: Reading Text File
2026-05-20 00:39:42,825 - INFO - [Thread-ThreadPoolExecutor-3_0] - [pprows30.txt] Running Prompt: row2json2
2026-05-20 00:39:42,825 - INFO - [Thread-ThreadPoolExecutor-3_0] - [pprows30.txt] >>> Sending request to lmstudio...
2026-05-20 00:40:08,696 - INFO - [Thread-ThreadPoolExecutor-3_0] - [pprows30.txt] Prompt 'row2json2' Success
2026-05-20 00:40:08,698 - INFO - [Thread-ThreadPoolExecutor-3_0] - [pprows31.txt] Stage 1: Reading Text File
2026-05-20 00:40:08,698 - INFO - [Thread-ThreadPoolExecutor-3_0] - [pprows31.txt] Running Prompt: row2json2
2026-05-20 00:40:08,699 - INFO - [Thread-ThreadPoolExecutor-3_0] - [pprows31.txt] >>> Sending request to lmstudio...
2026-05-20 00:40:19,375 - INFO - [Thread-ThreadPoolExecutor-3_0] - [pprows31.txt] Prompt 'row2json2' Success
2026-05-20 00:40:19,376 - INFO - [Thread-ThreadPoolExecutor-3_0] - [pprows32.txt] Stage 1: Reading Text File
2026-05-20 00:40:19,377 - INFO - [Thread-ThreadPoolExecutor-3_0] - [pprows32.txt] Running Prompt: row2json2
2026-05-20 00:40:19,377 - INFO - [Thread-ThreadPoolExecutor-3_0] - [pprows32.txt] >>> Sending request to lmstudio...
2026-05-20 00:40:33,628 - INFO - [Thread-ThreadPoolExecutor-3_0] - [pprows32.txt] Prompt 'row2json2' Success
2026-05-20 00:40:33,630 - INFO - [Thread-ThreadPoolExecutor-3_0] - [pprows33.txt] Stage 1: Reading Text File
2026-05-20 00:40:33,631 - INFO - [Thread-ThreadPoolExecutor-3_0] - [pprows33.txt] Running Prompt: row2json2
2026-05-20 00:40:33,631 - INFO - [Thread-ThreadPoolExecutor-3_0] - [pprows33.txt] >>> Sending request to lmstudio...
2026-05-20 00:40:38,363 - INFO - [Thread-ThreadPoolExecutor-3_0] - [pprows33.txt] Prompt 'row2json2' Success
2026-05-20 00:40:38,364 - INFO - [Thread-ThreadPoolExecutor-3_0] - [pprows34.txt] Stage 1: Reading Text File
2026-05-20 00:40:38,365 - INFO - [Thread-ThreadPoolExecutor-3_0] - [pprows34.txt] Running Prompt: row2json2
2026-05-20 00:40:38,365 - INFO - [Thread-ThreadPoolExecutor-3_0] - [pprows34.txt] >>> Sending request to lmstudio...
2026-05-20 00:41:05,118 - INFO - [Thread-ThreadPoolExecutor-3_0] - [pprows34.txt] Prompt 'row2json2' Success
2026-05-20 00:41:05,120 - INFO - [Thread-ThreadPoolExecutor-3_0] - [pprows36.txt] Stage 1: Reading Text File
2026-05-20 00:41:05,120 - INFO - [Thread-ThreadPoolExecutor-3_0] - [pprows36.txt] Running Prompt: row2json2
2026-05-20 00:41:05,120 - INFO - [Thread-ThreadPoolExecutor-3_0] - [pprows36.txt] >>> Sending request to lmstudio...
2026-05-20 00:41:23,633 - INFO - [Thread-ThreadPoolExecutor-3_0] - [pprows36.txt] Prompt 'row2json2' Success
2026-05-20 00:41:23,634 - INFO - [Thread-ThreadPoolExecutor-3_0] - [pprows37.txt] Stage 1: Reading Text File
2026-05-20 00:41:23,635 - INFO - [Thread-ThreadPoolExecutor-3_0] - [pprows37.txt] Running Prompt: row2json2
2026-05-20 00:41:23,635 - INFO - [Thread-ThreadPoolExecutor-3_0] - [pprows37.txt] >>> Sending request to lmstudio...
2026-05-20 00:41:27,718 - INFO - [Thread-ThreadPoolExecutor-3_0] - [pprows37.txt] Prompt 'row2json2' Success
2026-05-20 00:41:27,719 - INFO - [Thread-ThreadPoolExecutor-3_0] - [pprows38.txt] Stage 1: Reading Text File
2026-05-20 00:41:27,719 - INFO - [Thread-ThreadPoolExecutor-3_0] - [pprows38.txt] Running Prompt: row2json2
2026-05-20 00:41:27,719 - INFO - [Thread-ThreadPoolExecutor-3_0] - [pprows38.txt] >>> Sending request to lmstudio...
2026-05-20 00:41:39,169 - INFO - [Thread-ThreadPoolExecutor-3_0] - [pprows38.txt] Prompt 'row2json2' Success
2026-05-20 00:41:39,170 - INFO - [Thread-ThreadPoolExecutor-3_0] - [pprows39.txt] Stage 1: Reading Text File
2026-05-20 00:41:39,171 - INFO - [Thread-ThreadPoolExecutor-3_0] - [pprows39.txt] Running Prompt: row2json2
2026-05-20 00:41:39,171 - INFO - [Thread-ThreadPoolExecutor-3_0] - [pprows39.txt] >>> Sending request to lmstudio...
2026-05-20 00:41:53,280 - INFO - [Thread-ThreadPoolExecutor-3_0] - [pprows39.txt] Prompt 'row2json2' Success
2026-05-20 00:41:53,282 - INFO - [Thread-ThreadPoolExecutor-3_0] - [pprows4.txt] Stage 1: Reading Text File
2026-05-20 00:41:53,282 - INFO - [Thread-ThreadPoolExecutor-3_0] - [pprows4.txt] Running Prompt: row2json2
2026-05-20 00:41:53,283 - INFO - [Thread-ThreadPoolExecutor-3_0] - [pprows4.txt] >>> Sending request to lmstudio...
2026-05-20 00:42:04,797 - INFO - [Thread-ThreadPoolExecutor-3_0] - [pprows4.txt] Prompt 'row2json2' Success
2026-05-20 00:42:04,798 - INFO - [Thread-ThreadPoolExecutor-3_0] - [pprows40.txt] Stage 1: Reading Text File
2026-05-20 00:42:04,799 - INFO - [Thread-ThreadPoolExecutor-3_0] - [pprows40.txt] Running Prompt: row2json2
2026-05-20 00:42:04,799 - INFO - [Thread-ThreadPoolExecutor-3_0] - [pprows40.txt] >>> Sending request to lmstudio...
2026-05-20 00:42:17,058 - INFO - [Thread-ThreadPoolExecutor-3_0] - [pprows40.txt] Prompt 'row2json2' Success
2026-05-20 00:42:17,059 - INFO - [Thread-ThreadPoolExecutor-3_0] - [pprows41.txt] Stage 1: Reading Text File
2026-05-20 00:42:17,060 - INFO - [Thread-ThreadPoolExecutor-3_0] - [pprows41.txt] Running Prompt: row2json2
2026-05-20 00:42:17,060 - INFO - [Thread-ThreadPoolExecutor-3_0] - [pprows41.txt] >>> Sending request to lmstudio...
2026-05-20 00:42:27,981 - INFO - [Thread-ThreadPoolExecutor-3_0] - [pprows41.txt] Prompt 'row2json2' Success
2026-05-20 00:42:27,983 - INFO - [Thread-ThreadPoolExecutor-3_0] - [pprows42.txt] Stage 1: Reading Text File
2026-05-20 00:42:27,983 - INFO - [Thread-ThreadPoolExecutor-3_0] - [pprows42.txt] Running Prompt: row2json2
2026-05-20 00:42:27,983 - INFO - [Thread-ThreadPoolExecutor-3_0] - [pprows42.txt] >>> Sending request to lmstudio...
2026-05-20 00:42:39,333 - INFO - [Thread-ThreadPoolExecutor-3_0] - [pprows42.txt] Prompt 'row2json2' Success
2026-05-20 00:42:39,334 - INFO - [Thread-ThreadPoolExecutor-3_0] - [pprows43.txt] Stage 1: Reading Text File
2026-05-20 00:42:39,335 - INFO - [Thread-ThreadPoolExecutor-3_0] - [pprows43.txt] Running Prompt: row2json2
2026-05-20 00:42:39,335 - INFO - [Thread-ThreadPoolExecutor-3_0] - [pprows43.txt] >>> Sending request to lmstudio...
2026-05-20 00:42:51,608 - INFO - [Thread-ThreadPoolExecutor-3_0] - [pprows43.txt] Prompt 'row2json2' Success
2026-05-20 00:42:51,610 - INFO - [Thread-ThreadPoolExecutor-3_0] - [pprows44.txt] Stage 1: Reading Text File
2026-05-20 00:42:51,610 - INFO - [Thread-ThreadPoolExecutor-3_0] - [pprows44.txt] Running Prompt: row2json2
2026-05-20 00:42:51,610 - INFO - [Thread-ThreadPoolExecutor-3_0] - [pprows44.txt] >>> Sending request to lmstudio...
2026-05-20 00:43:16,734 - INFO - [Thread-ThreadPoolExecutor-3_0] - [pprows44.txt] Prompt 'row2json2' Success
2026-05-20 00:43:16,735 - INFO - [Thread-ThreadPoolExecutor-3_0] - [pprows45.txt] Stage 1: Reading Text File
2026-05-20 00:43:16,736 - INFO - [Thread-ThreadPoolExecutor-3_0] - [pprows45.txt] Running Prompt: row2json2
2026-05-20 00:43:16,736 - INFO - [Thread-ThreadPoolExecutor-3_0] - [pprows45.txt] >>> Sending request to lmstudio...
2026-05-20 00:43:41,588 - INFO - [Thread-ThreadPoolExecutor-3_0] - [pprows45.txt] Prompt 'row2json2' Success
2026-05-20 00:43:41,590 - INFO - [Thread-ThreadPoolExecutor-3_0] - [pprows46.txt] Stage 1: Reading Text File
2026-05-20 00:43:41,590 - INFO - [Thread-ThreadPoolExecutor-3_0] - [pprows46.txt] Running Prompt: row2json2
2026-05-20 00:43:41,591 - INFO - [Thread-ThreadPoolExecutor-3_0] - [pprows46.txt] >>> Sending request to lmstudio...
2026-05-20 00:44:07,846 - INFO - [Thread-ThreadPoolExecutor-3_0] - [pprows46.txt] Prompt 'row2json2' Success
2026-05-20 00:44:07,847 - INFO - [Thread-ThreadPoolExecutor-3_0] - [pprows47.txt] Stage 1: Reading Text File
2026-05-20 00:44:07,848 - INFO - [Thread-ThreadPoolExecutor-3_0] - [pprows47.txt] Running Prompt: row2json2
2026-05-20 00:44:07,848 - INFO - [Thread-ThreadPoolExecutor-3_0] - [pprows47.txt] >>> Sending request to lmstudio...
2026-05-20 00:44:32,846 - INFO - [Thread-ThreadPoolExecutor-3_0] - [pprows47.txt] Prompt 'row2json2' Success
2026-05-20 00:44:32,848 - INFO - [Thread-ThreadPoolExecutor-3_0] - [pprows49.txt] Stage 1: Reading Text File
2026-05-20 00:44:32,848 - INFO - [Thread-ThreadPoolExecutor-3_0] - [pprows49.txt] Running Prompt: row2json2
2026-05-20 00:44:32,848 - INFO - [Thread-ThreadPoolExecutor-3_0] - [pprows49.txt] >>> Sending request to lmstudio...
2026-05-20 00:44:36,895 - INFO - [Thread-ThreadPoolExecutor-3_0] - [pprows49.txt] Prompt 'row2json2' Success
2026-05-20 00:44:36,897 - INFO - [Thread-ThreadPoolExecutor-3_0] - [pprows50.txt] Stage 1: Reading Text File
2026-05-20 00:44:36,897 - INFO - [Thread-ThreadPoolExecutor-3_0] - [pprows50.txt] Running Prompt: row2json2
2026-05-20 00:44:36,898 - INFO - [Thread-ThreadPoolExecutor-3_0] - [pprows50.txt] >>> Sending request to lmstudio...
2026-05-20 00:44:48,443 - INFO - [Thread-ThreadPoolExecutor-3_0] - [pprows50.txt] Prompt 'row2json2' Success
2026-05-20 00:44:48,444 - INFO - [Thread-ThreadPoolExecutor-3_0] - [pprows51.txt] Stage 1: Reading Text File
2026-05-20 00:44:48,445 - INFO - [Thread-ThreadPoolExecutor-3_0] - [pprows51.txt] Running Prompt: row2json2
2026-05-20 00:44:48,445 - INFO - [Thread-ThreadPoolExecutor-3_0] - [pprows51.txt] >>> Sending request to lmstudio...
2026-05-20 00:45:03,996 - INFO - [Thread-ThreadPoolExecutor-3_0] - [pprows51.txt] Prompt 'row2json2' Success
2026-05-20 00:45:03,997 - INFO - [Thread-ThreadPoolExecutor-3_0] - [pprows52.txt] Stage 1: Reading Text File
2026-05-20 00:45:03,998 - INFO - [Thread-ThreadPoolExecutor-3_0] - [pprows52.txt] Running Prompt: row2json2
2026-05-20 00:45:03,998 - INFO - [Thread-ThreadPoolExecutor-3_0] - [pprows52.txt] >>> Sending request to lmstudio...
2026-05-20 00:45:24,474 - INFO - [Thread-ThreadPoolExecutor-3_0] - [pprows52.txt] Prompt 'row2json2' Success
2026-05-20 00:45:24,475 - INFO - [Thread-ThreadPoolExecutor-3_0] - [pprows53.txt] Stage 1: Reading Text File
2026-05-20 00:45:24,476 - INFO - [Thread-ThreadPoolExecutor-3_0] - [pprows53.txt] Running Prompt: row2json2
2026-05-20 00:45:24,476 - INFO - [Thread-ThreadPoolExecutor-3_0] - [pprows53.txt] >>> Sending request to lmstudio...
2026-05-20 00:45:46,335 - INFO - [Thread-ThreadPoolExecutor-3_0] - [pprows53.txt] Prompt 'row2json2' Success
2026-05-20 00:45:46,337 - INFO - [Thread-ThreadPoolExecutor-3_0] - [pprows54.txt] Stage 1: Reading Text File
2026-05-20 00:45:46,337 - INFO - [Thread-ThreadPoolExecutor-3_0] - [pprows54.txt] Running Prompt: row2json2
2026-05-20 00:45:46,338 - INFO - [Thread-ThreadPoolExecutor-3_0] - [pprows54.txt] >>> Sending request to lmstudio...
2026-05-20 00:45:59,220 - INFO - [Thread-ThreadPoolExecutor-3_0] - [pprows54.txt] Prompt 'row2json2' Success
2026-05-20 00:45:59,222 - INFO - [Thread-ThreadPoolExecutor-3_0] - [pprows55.txt] Stage 1: Reading Text File
2026-05-20 00:45:59,222 - INFO - [Thread-ThreadPoolExecutor-3_0] - [pprows55.txt] Running Prompt: row2json2
2026-05-20 00:45:59,222 - INFO - [Thread-ThreadPoolExecutor-3_0] - [pprows55.txt] >>> Sending request to lmstudio...
2026-05-20 00:46:20,533 - INFO - [Thread-ThreadPoolExecutor-3_0] - [pprows55.txt] Prompt 'row2json2' Success
2026-05-20 00:46:20,535 - INFO - [Thread-ThreadPoolExecutor-3_0] - [pprows56.txt] Stage 1: Reading Text File
2026-05-20 00:46:20,535 - INFO - [Thread-ThreadPoolExecutor-3_0] - [pprows56.txt] Running Prompt: row2json2
2026-05-20 00:46:20,535 - INFO - [Thread-ThreadPoolExecutor-3_0] - [pprows56.txt] >>> Sending request to lmstudio...
2026-05-20 00:46:32,192 - INFO - [Thread-ThreadPoolExecutor-3_0] - [pprows56.txt] Prompt 'row2json2' Success
2026-05-20 00:46:32,193 - INFO - [Thread-ThreadPoolExecutor-3_0] - [pprows57.txt] Stage 1: Reading Text File
2026-05-20 00:46:32,194 - INFO - [Thread-ThreadPoolExecutor-3_0] - [pprows57.txt] Running Prompt: row2json2
2026-05-20 00:46:32,194 - INFO - [Thread-ThreadPoolExecutor-3_0] - [pprows57.txt] >>> Sending request to lmstudio...
2026-05-20 00:46:57,281 - INFO - [Thread-ThreadPoolExecutor-3_0] - [pprows57.txt] Prompt 'row2json2' Success
2026-05-20 00:46:57,283 - INFO - [Thread-ThreadPoolExecutor-3_0] - [pprows58.txt] Stage 1: Reading Text File
2026-05-20 00:46:57,283 - INFO - [Thread-ThreadPoolExecutor-3_0] - [pprows58.txt] Running Prompt: row2json2
2026-05-20 00:46:57,283 - INFO - [Thread-ThreadPoolExecutor-3_0] - [pprows58.txt] >>> Sending request to lmstudio...
2026-05-20 00:47:01,221 - INFO - [Thread-ThreadPoolExecutor-3_0] - [pprows58.txt] Prompt 'row2json2' Success
2026-05-20 00:47:01,222 - INFO - [Thread-ThreadPoolExecutor-3_0] - [pprows59.txt] Stage 1: Reading Text File
2026-05-20 00:47:01,222 - INFO - [Thread-ThreadPoolExecutor-3_0] - [pprows59.txt] Running Prompt: row2json2
2026-05-20 00:47:01,222 - INFO - [Thread-ThreadPoolExecutor-3_0] - [pprows59.txt] >>> Sending request to lmstudio...
2026-05-20 00:47:25,236 - INFO - [Thread-ThreadPoolExecutor-3_0] - [pprows59.txt] Prompt 'row2json2' Success
2026-05-20 00:47:25,238 - INFO - [Thread-ThreadPoolExecutor-3_0] - [pprows6.txt] Stage 1: Reading Text File
2026-05-20 00:47:25,239 - INFO - [Thread-ThreadPoolExecutor-3_0] - [pprows6.txt] Running Prompt: row2json2
2026-05-20 00:47:25,239 - INFO - [Thread-ThreadPoolExecutor-3_0] - [pprows6.txt] >>> Sending request to lmstudio...
2026-05-20 00:47:37,740 - INFO - [Thread-ThreadPoolExecutor-3_0] - [pprows6.txt] Prompt 'row2json2' Success
2026-05-20 00:47:37,741 - INFO - [Thread-ThreadPoolExecutor-3_0] - [pprows60.txt] Stage 1: Reading Text File
2026-05-20 00:47:37,742 - INFO - [Thread-ThreadPoolExecutor-3_0] - [pprows60.txt] Running Prompt: row2json2
2026-05-20 00:47:37,742 - INFO - [Thread-ThreadPoolExecutor-3_0] - [pprows60.txt] >>> Sending request to lmstudio...
2026-05-20 00:48:02,303 - INFO - [Thread-ThreadPoolExecutor-3_0] - [pprows60.txt] Prompt 'row2json2' Success
2026-05-20 00:48:02,305 - INFO - [Thread-ThreadPoolExecutor-3_0] - [pprows61.txt] Stage 1: Reading Text File
2026-05-20 00:48:02,305 - INFO - [Thread-ThreadPoolExecutor-3_0] - [pprows61.txt] Running Prompt: row2json2
2026-05-20 00:48:02,306 - INFO - [Thread-ThreadPoolExecutor-3_0] - [pprows61.txt] >>> Sending request to lmstudio...
2026-05-20 00:48:26,574 - INFO - [Thread-ThreadPoolExecutor-3_0] - [pprows61.txt] Prompt 'row2json2' Success
2026-05-20 00:48:26,575 - INFO - [Thread-ThreadPoolExecutor-3_0] - [pprows62.txt] Stage 1: Reading Text File
2026-05-20 00:48:26,576 - INFO - [Thread-ThreadPoolExecutor-3_0] - [pprows62.txt] Running Prompt: row2json2
2026-05-20 00:48:26,576 - INFO - [Thread-ThreadPoolExecutor-3_0] - [pprows62.txt] >>> Sending request to lmstudio...
2026-05-20 00:48:38,112 - INFO - [Thread-ThreadPoolExecutor-3_0] - [pprows62.txt] Prompt 'row2json2' Success
2026-05-20 00:48:38,114 - INFO - [Thread-ThreadPoolExecutor-3_0] - [pprows63.txt] Stage 1: Reading Text File
2026-05-20 00:48:38,115 - INFO - [Thread-ThreadPoolExecutor-3_0] - [pprows63.txt] Running Prompt: row2json2
2026-05-20 00:48:38,115 - INFO - [Thread-ThreadPoolExecutor-3_0] - [pprows63.txt] >>> Sending request to lmstudio...
2026-05-20 00:48:49,508 - INFO - [Thread-ThreadPoolExecutor-3_0] - [pprows63.txt] Prompt 'row2json2' Success
2026-05-20 00:48:49,509 - INFO - [Thread-ThreadPoolExecutor-3_0] - [pprows64.txt] Stage 1: Reading Text File
2026-05-20 00:48:49,510 - INFO - [Thread-ThreadPoolExecutor-3_0] - [pprows64.txt] Running Prompt: row2json2
2026-05-20 00:48:49,510 - INFO - [Thread-ThreadPoolExecutor-3_0] - [pprows64.txt] >>> Sending request to lmstudio...
2026-05-20 00:49:03,888 - INFO - [Thread-ThreadPoolExecutor-3_0] - [pprows64.txt] Prompt 'row2json2' Success
2026-05-20 00:49:03,889 - INFO - [Thread-ThreadPoolExecutor-3_0] - [pprows65.txt] Stage 1: Reading Text File
2026-05-20 00:49:03,889 - INFO - [Thread-ThreadPoolExecutor-3_0] - [pprows65.txt] Running Prompt: row2json2
2026-05-20 00:49:03,890 - INFO - [Thread-ThreadPoolExecutor-3_0] - [pprows65.txt] >>> Sending request to lmstudio...
2026-05-20 00:49:18,368 - INFO - [Thread-ThreadPoolExecutor-3_0] - [pprows65.txt] Prompt 'row2json2' Success
2026-05-20 00:49:18,369 - INFO - [Thread-ThreadPoolExecutor-3_0] - [pprows66.txt] Stage 1: Reading Text File
2026-05-20 00:49:18,370 - INFO - [Thread-ThreadPoolExecutor-3_0] - [pprows66.txt] Running Prompt: row2json2
2026-05-20 00:49:18,370 - INFO - [Thread-ThreadPoolExecutor-3_0] - [pprows66.txt] >>> Sending request to lmstudio...
2026-05-20 00:49:42,021 - INFO - [Thread-ThreadPoolExecutor-3_0] - [pprows66.txt] Prompt 'row2json2' Success
2026-05-20 00:49:42,022 - INFO - [Thread-ThreadPoolExecutor-3_0] - [pprows67.txt] Stage 1: Reading Text File
2026-05-20 00:49:42,023 - INFO - [Thread-ThreadPoolExecutor-3_0] - [pprows67.txt] Running Prompt: row2json2
2026-05-20 00:49:42,023 - INFO - [Thread-ThreadPoolExecutor-3_0] - [pprows67.txt] >>> Sending request to lmstudio...
2026-05-20 00:49:52,037 - INFO - [Thread-ThreadPoolExecutor-3_0] - [pprows67.txt] Prompt 'row2json2' Success
2026-05-20 00:49:52,038 - INFO - [Thread-ThreadPoolExecutor-3_0] - [pprows68.txt] Stage 1: Reading Text File
2026-05-20 00:49:52,039 - INFO - [Thread-ThreadPoolExecutor-3_0] - [pprows68.txt] Running Prompt: row2json2
2026-05-20 00:49:52,039 - INFO - [Thread-ThreadPoolExecutor-3_0] - [pprows68.txt] >>> Sending request to lmstudio...
2026-05-20 00:49:56,240 - INFO - [Thread-ThreadPoolExecutor-3_0] - [pprows68.txt] Prompt 'row2json2' Success
2026-05-20 00:49:56,241 - INFO - [Thread-ThreadPoolExecutor-3_0] - [pprows69.txt] Stage 1: Reading Text File
2026-05-20 00:49:56,242 - INFO - [Thread-ThreadPoolExecutor-3_0] - [pprows69.txt] Running Prompt: row2json2
2026-05-20 00:49:56,242 - INFO - [Thread-ThreadPoolExecutor-3_0] - [pprows69.txt] >>> Sending request to lmstudio...
2026-05-20 00:50:08,881 - INFO - [Thread-ThreadPoolExecutor-3_0] - [pprows69.txt] Prompt 'row2json2' Success
2026-05-20 00:50:08,882 - INFO - [Thread-ThreadPoolExecutor-3_0] - [pprows7.txt] Stage 1: Reading Text File
2026-05-20 00:50:08,883 - INFO - [Thread-ThreadPoolExecutor-3_0] - [pprows7.txt] Running Prompt: row2json2
2026-05-20 00:50:08,883 - INFO - [Thread-ThreadPoolExecutor-3_0] - [pprows7.txt] >>> Sending request to lmstudio...
2026-05-20 00:50:13,812 - INFO - [Thread-ThreadPoolExecutor-3_0] - [pprows7.txt] Prompt 'row2json2' Success
2026-05-20 00:50:13,813 - INFO - [Thread-ThreadPoolExecutor-3_0] - [pprows70.txt] Stage 1: Reading Text File
2026-05-20 00:50:13,813 - INFO - [Thread-ThreadPoolExecutor-3_0] - [pprows70.txt] Running Prompt: row2json2
2026-05-20 00:50:13,814 - INFO - [Thread-ThreadPoolExecutor-3_0] - [pprows70.txt] >>> Sending request to lmstudio...
2026-05-20 00:50:38,883 - INFO - [Thread-ThreadPoolExecutor-3_0] - [pprows70.txt] Prompt 'row2json2' Success
2026-05-20 00:50:38,885 - INFO - [Thread-ThreadPoolExecutor-3_0] - [pprows71.txt] Stage 1: Reading Text File
2026-05-20 00:50:38,886 - INFO - [Thread-ThreadPoolExecutor-3_0] - [pprows71.txt] Running Prompt: row2json2
2026-05-20 00:50:38,886 - INFO - [Thread-ThreadPoolExecutor-3_0] - [pprows71.txt] >>> Sending request to lmstudio...
2026-05-20 00:51:01,440 - INFO - [Thread-ThreadPoolExecutor-3_0] - [pprows71.txt] Prompt 'row2json2' Success
2026-05-20 00:51:01,442 - INFO - [Thread-ThreadPoolExecutor-3_0] - [pprows72.txt] Stage 1: Reading Text File
2026-05-20 00:51:01,443 - INFO - [Thread-ThreadPoolExecutor-3_0] - [pprows72.txt] Running Prompt: row2json2
2026-05-20 00:51:01,443 - INFO - [Thread-ThreadPoolExecutor-3_0] - [pprows72.txt] >>> Sending request to lmstudio...
2026-05-20 00:51:05,559 - INFO - [Thread-ThreadPoolExecutor-3_0] - [pprows72.txt] Prompt 'row2json2' Success
2026-05-20 00:51:05,560 - INFO - [Thread-ThreadPoolExecutor-3_0] - [pprows73.txt] Stage 1: Reading Text File
2026-05-20 00:51:05,560 - INFO - [Thread-ThreadPoolExecutor-3_0] - [pprows73.txt] Running Prompt: row2json2
2026-05-20 00:51:05,561 - INFO - [Thread-ThreadPoolExecutor-3_0] - [pprows73.txt] >>> Sending request to lmstudio...
2026-05-20 00:51:27,870 - INFO - [Thread-ThreadPoolExecutor-3_0] - [pprows73.txt] Prompt 'row2json2' Success
2026-05-20 00:51:27,871 - INFO - [Thread-ThreadPoolExecutor-3_0] - [pprows74.txt] Stage 1: Reading Text File
2026-05-20 00:51:27,871 - INFO - [Thread-ThreadPoolExecutor-3_0] - [pprows74.txt] Running Prompt: row2json2
2026-05-20 00:51:27,871 - INFO - [Thread-ThreadPoolExecutor-3_0] - [pprows74.txt] >>> Sending request to lmstudio...
2026-05-20 00:51:42,392 - INFO - [Thread-ThreadPoolExecutor-3_0] - [pprows74.txt] Prompt 'row2json2' Success
2026-05-20 00:51:42,393 - INFO - [Thread-ThreadPoolExecutor-3_0] - [pprows75.txt] Stage 1: Reading Text File
2026-05-20 00:51:42,393 - INFO - [Thread-ThreadPoolExecutor-3_0] - [pprows75.txt] Running Prompt: row2json2
2026-05-20 00:51:42,394 - INFO - [Thread-ThreadPoolExecutor-3_0] - [pprows75.txt] >>> Sending request to lmstudio...
2026-05-20 00:52:07,667 - INFO - [Thread-ThreadPoolExecutor-3_0] - [pprows75.txt] Prompt 'row2json2' Success
2026-05-20 00:52:07,669 - INFO - [Thread-ThreadPoolExecutor-3_0] - [pprows76.txt] Stage 1: Reading Text File
2026-05-20 00:52:07,670 - INFO - [Thread-ThreadPoolExecutor-3_0] - [pprows76.txt] Running Prompt: row2json2
2026-05-20 00:52:07,670 - INFO - [Thread-ThreadPoolExecutor-3_0] - [pprows76.txt] >>> Sending request to lmstudio...
2026-05-20 00:52:12,467 - INFO - [Thread-ThreadPoolExecutor-3_0] - [pprows76.txt] Prompt 'row2json2' Success
2026-05-20 00:52:12,468 - INFO - [Thread-ThreadPoolExecutor-3_0] - [pprows78.txt] Stage 1: Reading Text File
2026-05-20 00:52:12,469 - INFO - [Thread-ThreadPoolExecutor-3_0] - [pprows78.txt] Running Prompt: row2json2
2026-05-20 00:52:12,469 - INFO - [Thread-ThreadPoolExecutor-3_0] - [pprows78.txt] >>> Sending request to lmstudio...
2026-05-20 00:52:32,029 - INFO - [Thread-ThreadPoolExecutor-3_0] - [pprows78.txt] Prompt 'row2json2' Success
2026-05-20 00:52:32,030 - INFO - [Thread-ThreadPoolExecutor-3_0] - [pprows79.txt] Stage 1: Reading Text File
2026-05-20 00:52:32,031 - INFO - [Thread-ThreadPoolExecutor-3_0] - [pprows79.txt] Running Prompt: row2json2
2026-05-20 00:52:32,031 - INFO - [Thread-ThreadPoolExecutor-3_0] - [pprows79.txt] >>> Sending request to lmstudio...
2026-05-20 00:52:43,723 - INFO - [Thread-ThreadPoolExecutor-3_0] - [pprows79.txt] Prompt 'row2json2' Success
2026-05-20 00:52:43,724 - INFO - [Thread-ThreadPoolExecutor-3_0] - [pprows8.txt] Stage 1: Reading Text File
2026-05-20 00:52:43,725 - INFO - [Thread-ThreadPoolExecutor-3_0] - [pprows8.txt] Running Prompt: row2json2
2026-05-20 00:52:43,725 - INFO - [Thread-ThreadPoolExecutor-3_0] - [pprows8.txt] >>> Sending request to lmstudio...
2026-05-20 00:53:06,301 - INFO - [Thread-ThreadPoolExecutor-3_0] - [pprows8.txt] Prompt 'row2json2' Success
2026-05-20 00:53:06,303 - INFO - [Thread-ThreadPoolExecutor-3_0] - [pprows80.txt] Stage 1: Reading Text File
2026-05-20 00:53:06,303 - INFO - [Thread-ThreadPoolExecutor-3_0] - [pprows80.txt] Running Prompt: row2json2
2026-05-20 00:53:06,303 - INFO - [Thread-ThreadPoolExecutor-3_0] - [pprows80.txt] >>> Sending request to lmstudio...
2026-05-20 00:53:28,100 - INFO - [Thread-ThreadPoolExecutor-3_0] - [pprows80.txt] Prompt 'row2json2' Success
2026-05-20 00:53:28,102 - INFO - [Thread-ThreadPoolExecutor-3_0] - [pprows81.txt] Stage 1: Reading Text File
2026-05-20 00:53:28,102 - INFO - [Thread-ThreadPoolExecutor-3_0] - [pprows81.txt] Running Prompt: row2json2
2026-05-20 00:53:28,103 - INFO - [Thread-ThreadPoolExecutor-3_0] - [pprows81.txt] >>> Sending request to lmstudio...
2026-05-20 00:53:41,333 - INFO - [Thread-ThreadPoolExecutor-3_0] - [pprows81.txt] Prompt 'row2json2' Success
2026-05-20 00:53:41,334 - INFO - [Thread-ThreadPoolExecutor-3_0] - [pprows82.txt] Stage 1: Reading Text File
2026-05-20 00:53:41,334 - INFO - [Thread-ThreadPoolExecutor-3_0] - [pprows82.txt] Running Prompt: row2json2
2026-05-20 00:53:41,334 - INFO - [Thread-ThreadPoolExecutor-3_0] - [pprows82.txt] >>> Sending request to lmstudio...
2026-05-20 00:54:06,072 - INFO - [Thread-ThreadPoolExecutor-3_0] - [pprows82.txt] Prompt 'row2json2' Success
2026-05-20 00:54:06,073 - INFO - [Thread-ThreadPoolExecutor-3_0] - [pprows84.txt] Stage 1: Reading Text File
2026-05-20 00:54:06,073 - INFO - [Thread-ThreadPoolExecutor-3_0] - [pprows84.txt] Running Prompt: row2json2
2026-05-20 00:54:06,074 - INFO - [Thread-ThreadPoolExecutor-3_0] - [pprows84.txt] >>> Sending request to lmstudio...
2026-05-20 00:54:27,568 - INFO - [Thread-ThreadPoolExecutor-3_0] - [pprows84.txt] Prompt 'row2json2' Success
2026-05-20 00:54:27,569 - INFO - [Thread-ThreadPoolExecutor-3_0] - [pprows85.txt] Stage 1: Reading Text File
2026-05-20 00:54:27,570 - INFO - [Thread-ThreadPoolExecutor-3_0] - [pprows85.txt] Running Prompt: row2json2
2026-05-20 00:54:27,570 - INFO - [Thread-ThreadPoolExecutor-3_0] - [pprows85.txt] >>> Sending request to lmstudio...
2026-05-20 00:54:52,877 - INFO - [Thread-ThreadPoolExecutor-3_0] - [pprows85.txt] Prompt 'row2json2' Success
2026-05-20 00:54:52,878 - INFO - [Thread-ThreadPoolExecutor-3_0] - [pprows86.txt] Stage 1: Reading Text File
2026-05-20 00:54:52,879 - INFO - [Thread-ThreadPoolExecutor-3_0] - [pprows86.txt] Running Prompt: row2json2
2026-05-20 00:54:52,879 - INFO - [Thread-ThreadPoolExecutor-3_0] - [pprows86.txt] >>> Sending request to lmstudio...
2026-05-20 00:55:02,739 - INFO - [Thread-ThreadPoolExecutor-3_0] - [pprows86.txt] Prompt 'row2json2' Success
2026-05-20 00:55:02,741 - INFO - [Thread-ThreadPoolExecutor-3_0] - [pprows87.txt] Stage 1: Reading Text File
2026-05-20 00:55:02,741 - INFO - [Thread-ThreadPoolExecutor-3_0] - [pprows87.txt] Running Prompt: row2json2
2026-05-20 00:55:02,741 - INFO - [Thread-ThreadPoolExecutor-3_0] - [pprows87.txt] >>> Sending request to lmstudio...
2026-05-20 00:55:27,528 - INFO - [Thread-ThreadPoolExecutor-3_0] - [pprows87.txt] Prompt 'row2json2' Success
2026-05-20 00:55:27,529 - INFO - [Thread-ThreadPoolExecutor-3_0] - [pprows88.txt] Stage 1: Reading Text File
2026-05-20 00:55:27,530 - INFO - [Thread-ThreadPoolExecutor-3_0] - [pprows88.txt] Running Prompt: row2json2
2026-05-20 00:55:27,530 - INFO - [Thread-ThreadPoolExecutor-3_0] - [pprows88.txt] >>> Sending request to lmstudio...
2026-05-20 00:55:31,947 - INFO - [Thread-ThreadPoolExecutor-3_0] - [pprows88.txt] Prompt 'row2json2' Success
2026-05-20 00:55:31,949 - INFO - [Thread-ThreadPoolExecutor-3_0] - [pprows89.txt] Stage 1: Reading Text File
2026-05-20 00:55:31,949 - INFO - [Thread-ThreadPoolExecutor-3_0] - [pprows89.txt] Running Prompt: row2json2
2026-05-20 00:55:31,949 - INFO - [Thread-ThreadPoolExecutor-3_0] - [pprows89.txt] >>> Sending request to lmstudio...
2026-05-20 00:55:46,846 - INFO - [Thread-ThreadPoolExecutor-3_0] - [pprows89.txt] Prompt 'row2json2' Success
2026-05-20 00:55:46,850 - INFO - [Thread-ThreadPoolExecutor-3_0] - [pprows9.txt] Stage 1: Reading Text File
2026-05-20 00:55:46,851 - INFO - [Thread-ThreadPoolExecutor-3_0] - [pprows9.txt] Running Prompt: row2json2
2026-05-20 00:55:46,851 - INFO - [Thread-ThreadPoolExecutor-3_0] - [pprows9.txt] >>> Sending request to lmstudio...
2026-05-20 00:56:12,224 - INFO - [Thread-ThreadPoolExecutor-3_0] - [pprows9.txt] Prompt 'row2json2' Success
2026-05-20 00:56:12,226 - INFO - [Thread-ThreadPoolExecutor-3_0] - [pprows90.txt] Stage 1: Reading Text File
2026-05-20 00:56:12,226 - INFO - [Thread-ThreadPoolExecutor-3_0] - [pprows90.txt] Running Prompt: row2json2
2026-05-20 00:56:12,227 - INFO - [Thread-ThreadPoolExecutor-3_0] - [pprows90.txt] >>> Sending request to lmstudio...
2026-05-20 00:56:39,674 - INFO - [Thread-ThreadPoolExecutor-3_0] - [pprows90.txt] Prompt 'row2json2' Success
2026-05-20 00:56:39,675 - INFO - [Thread-ThreadPoolExecutor-3_0] - [pprows91.txt] Stage 1: Reading Text File
2026-05-20 00:56:39,675 - INFO - [Thread-ThreadPoolExecutor-3_0] - [pprows91.txt] Running Prompt: row2json2
2026-05-20 00:56:39,675 - INFO - [Thread-ThreadPoolExecutor-3_0] - [pprows91.txt] >>> Sending request to lmstudio...
2026-05-20 00:56:50,267 - INFO - [Thread-ThreadPoolExecutor-3_0] - [pprows91.txt] Prompt 'row2json2' Success
2026-05-20 00:56:50,268 - INFO - [Thread-ThreadPoolExecutor-3_0] - [pprows92.txt] Stage 1: Reading Text File
2026-05-20 00:56:50,269 - INFO - [Thread-ThreadPoolExecutor-3_0] - [pprows92.txt] Running Prompt: row2json2
2026-05-20 00:56:50,269 - INFO - [Thread-ThreadPoolExecutor-3_0] - [pprows92.txt] >>> Sending request to lmstudio...
2026-05-20 00:57:14,869 - INFO - [Thread-ThreadPoolExecutor-3_0] - [pprows92.txt] Prompt 'row2json2' Success
2026-05-20 00:57:14,871 - INFO - [Thread-ThreadPoolExecutor-3_0] - [pprows93.txt] Stage 1: Reading Text File
2026-05-20 00:57:14,872 - INFO - [Thread-ThreadPoolExecutor-3_0] - [pprows93.txt] Running Prompt: row2json2
2026-05-20 00:57:14,872 - INFO - [Thread-ThreadPoolExecutor-3_0] - [pprows93.txt] >>> Sending request to lmstudio...
2026-05-20 00:57:29,016 - INFO - [Thread-ThreadPoolExecutor-3_0] - [pprows93.txt] Prompt 'row2json2' Success
2026-05-20 00:57:29,018 - INFO - [Thread-ThreadPoolExecutor-3_0] - [pprows94.txt] Stage 1: Reading Text File
2026-05-20 00:57:29,018 - INFO - [Thread-ThreadPoolExecutor-3_0] - [pprows94.txt] Running Prompt: row2json2
2026-05-20 00:57:29,019 - INFO - [Thread-ThreadPoolExecutor-3_0] - [pprows94.txt] >>> Sending request to lmstudio...
2026-05-20 00:57:55,128 - INFO - [Thread-ThreadPoolExecutor-3_0] - [pprows94.txt] Prompt 'row2json2' Success
2026-05-20 00:57:55,129 - INFO - [Thread-ThreadPoolExecutor-3_0] - [pprows95.txt] Stage 1: Reading Text File
2026-05-20 00:57:55,130 - INFO - [Thread-ThreadPoolExecutor-3_0] - [pprows95.txt] Running Prompt: row2json2
2026-05-20 00:57:55,130 - INFO - [Thread-ThreadPoolExecutor-3_0] - [pprows95.txt] >>> Sending request to lmstudio...
2026-05-20 00:58:06,056 - INFO - [Thread-ThreadPoolExecutor-3_0] - [pprows95.txt] Prompt 'row2json2' Success
2026-05-20 00:58:06,057 - INFO - [Thread-ThreadPoolExecutor-3_0] - [pprows96.txt] Stage 1: Reading Text File
2026-05-20 00:58:06,058 - INFO - [Thread-ThreadPoolExecutor-3_0] - [pprows96.txt] Running Prompt: row2json2
2026-05-20 00:58:06,058 - INFO - [Thread-ThreadPoolExecutor-3_0] - [pprows96.txt] >>> Sending request to lmstudio...
2026-05-20 00:58:17,865 - INFO - [Thread-ThreadPoolExecutor-3_0] - [pprows96.txt] Prompt 'row2json2' Success
2026-05-20 00:58:17,866 - INFO - [Thread-ThreadPoolExecutor-3_0] - [pprows97.txt] Stage 1: Reading Text File
2026-05-20 00:58:17,867 - INFO - [Thread-ThreadPoolExecutor-3_0] - [pprows97.txt] Running Prompt: row2json2
2026-05-20 00:58:17,867 - INFO - [Thread-ThreadPoolExecutor-3_0] - [pprows97.txt] >>> Sending request to lmstudio...
2026-05-20 00:58:40,105 - INFO - [Thread-ThreadPoolExecutor-3_0] - [pprows97.txt] Prompt 'row2json2' Success
2026-05-20 00:58:40,107 - INFO - [Thread-ThreadPoolExecutor-3_0] - [pprows98.txt] Stage 1: Reading Text File
2026-05-20 00:58:40,107 - INFO - [Thread-ThreadPoolExecutor-3_0] - [pprows98.txt] Running Prompt: row2json2
2026-05-20 00:58:40,107 - INFO - [Thread-ThreadPoolExecutor-3_0] - [pprows98.txt] >>> Sending request to lmstudio...
2026-05-20 00:58:54,592 - INFO - [Thread-ThreadPoolExecutor-3_0] - [pprows98.txt] Prompt 'row2json2' Success
2026-05-20 00:58:54,593 - INFO - [Thread-ThreadPoolExecutor-3_0] - [pprows99.txt] Stage 1: Reading Text File
2026-05-20 00:58:54,593 - INFO - [Thread-ThreadPoolExecutor-3_0] - [pprows99.txt] Running Prompt: row2json2
2026-05-20 00:58:54,593 - INFO - [Thread-ThreadPoolExecutor-3_0] - [pprows99.txt] >>> Sending request to lmstudio...
2026-05-20 00:59:19,916 - INFO - [Thread-ThreadPoolExecutor-3_0] - [pprows99.txt] Prompt 'row2json2' Success
2026-05-20 00:59:19,925 - INFO - [Thread-MainThread] - Batch completed. Summary at ./outputs\summary_report.csv
2026-05-20 00:59:19,926 - INFO - [Thread-MainThread] - Pipeline execution finished successfully.
